// Jest Snapshot v1, https://goo.gl/fbAQLP

exports[`CourseModalBody correctly renders 1`] = `
<div
  id="modal-body"
>
  <div
    className="cf"
  >
    <div
      className="col-3-16"
    >
      <div
        className="credits"
      >
        <h3>
          4
        </h3>
        <h4>
           credits
        </h4>
      </div>
      <div
        className="rating-module"
      >
        <h4>
          Average Course Rating
        </h4>
        <div
          className="sub-rating-wrapper"
        >
          <div
            className="star-ratings-sprite"
          >
            <span
              className="rating"
              style={
                Object {
                  "width": "75.46666666666667%",
                }
              }
            />
          </div>
        </div>
      </div>
      <div
        className="capacity-tracker-wrapper"
      >
        <div
          id="capacity-tracker-text"
        >
          <span>
            1
            % of Seats Added on Semesterly
          </span>
        </div>
      </div>
      <div
        className="modal-module prerequisites"
      >
        <h3
          className="modal-module-header"
        >
          Prerequisites
        </h3>
        <p>
          None
        </p>
      </div>
      <div
        className="modal-module areas"
      >
        <h3
          className="modal-module-header"
        >
          Areas
        </h3>
        <p>
          Q
        </p>
      </div>
      <div
        className="modal-module friends"
      >
        <h3
          className="modal-module-header"
        >
          Friends In This Course
        </h3>
        <div
          id="friends-wrapper"
        >
          <div
            id="friends-inner"
          >
            <div
              className="friend"
            >
              <div
                className="ms-friend"
                style={
                  Object {
                    "backgroundImage": "url(https://scontent.xx.fbcdn.net/v/t1.0-1/p50x50/10957589_10152725992049147_2815259779743523470_n.jpg?oh=85550d1771fec7b1524ac1d9303cd697&oe=598CCC9B)",
                  }
                }
              />
              <p
                title="Linda Margolius Presler"
              >
                Linda Margolius Presler
              </p>
            </div>
            <div
              className="friend"
            >
              <div
                className="ms-friend"
                style={
                  Object {
                    "backgroundImage": "url(https://scontent.xx.fbcdn.net/v/t1.0-1/c163.0.204.204/s50x50/12321414_113682579025974_6205266913524508520_n.jpg?oh=dfa9c89403c0179bd6b00e4afd300569&oe=599A0E58)",
                  }
                }
              />
              <p
                title="Mylittlewilliamyao Isalwaysontheprowl"
              >
                Mylittlewilliamyao Isalwaysontheprowl
              </p>
            </div>
          </div>
        </div>
      </div>
      <div
        className="modal-module friends"
      >
        <h3
          className="modal-module-header"
        >
          Friends Who Have Taken This Course
        </h3>
        <div
          id="friends-wrapper"
        >
          <div
            id="friends-inner"
          >
            <div
              className="friend"
            >
              <div
                className="ms-friend"
                style={
                  Object {
                    "backgroundImage": "url(https://scontent.xx.fbcdn.net/v/t1.0-1/p50x50/10957589_10152725992049147_2815259779743523470_n.jpg?oh=85550d1771fec7b1524ac1d9303cd697&oe=598CCC9B)",
                  }
                }
              />
              <p
                title="Linda Margolius Presler"
              >
                Linda Margolius Presler
              </p>
            </div>
          </div>
        </div>
      </div>
    </div>
    <div
      className="col-8-16"
    >
      <h3
        className="modal-module-header"
      >
        Reactions
      </h3>
      <p>
        Check out your classmate's reactions – click an emoji to add your own opinion!
      </p>
      <div
        id="reactions-wrapper"
      >
        <div
          id="reactions"
        >
          <div
            className="swing reaction"
            onClick={[Function]}
          >
            <div
              className="emoji"
              style={
                Object {
                  "height": 20,
                  "width": 20,
                }
              }
            >
              <img
                alt="🔥"
                className="emoji"
                draggable="false"
                src="https://twemoji.maxcdn.com/2/72x72/1f525.png"
              />
            </div>
            <div
              className="action-container"
            >
              <div
                className="emoji-action"
              >
                <i
                  className="fa fa-plus"
                />
              </div>
              <div
                className="emoji-count"
              >
                <span>
                  0
                </span>
              </div>
              <div
                className="emoji-check"
              >
                <i
                  className="fa fa-check"
                />
              </div>
            </div>
            <div
              id="reaction-dropdown"
            >
              <div
                className="tip-border"
              />
              <div
                className="tip"
              />
              <span>
                Must Take
              </span>
            </div>
          </div>
          <div
            className="swing reaction"
            onClick={[Function]}
          >
            <div
              className="emoji"
              style={
                Object {
                  "height": 20,
                  "width": 20,
                }
              }
            >
              <img
                alt="😍"
                className="emoji"
                draggable="false"
                src="https://twemoji.maxcdn.com/2/72x72/1f60d.png"
              />
            </div>
            <div
              className="action-container"
            >
              <div
                className="emoji-action"
              >
                <i
                  className="fa fa-plus"
                />
              </div>
              <div
                className="emoji-count"
              >
                <span>
                  0
                </span>
              </div>
              <div
                className="emoji-check"
              >
                <i
                  className="fa fa-check"
                />
              </div>
            </div>
            <div
              id="reaction-dropdown"
            >
              <div
                className="tip-border"
              />
              <div
                className="tip"
              />
              <span>
                Love It
              </span>
            </div>
          </div>
          <div
            className="swing reaction"
            onClick={[Function]}
          >
            <div
              className="emoji"
              style={
                Object {
                  "height": 20,
                  "width": 20,
                }
              }
            >
              <img
                alt="💩"
                className="emoji"
                draggable="false"
                src="https://twemoji.maxcdn.com/2/72x72/1f4a9.png"
              />
            </div>
            <div
              className="action-container"
            >
              <div
                className="emoji-action"
              >
                <i
                  className="fa fa-plus"
                />
              </div>
              <div
                className="emoji-count"
              >
                <span>
                  0
                </span>
              </div>
              <div
                className="emoji-check"
              >
                <i
                  className="fa fa-check"
                />
              </div>
            </div>
            <div
              id="reaction-dropdown"
            >
              <div
                className="tip-border"
              />
              <div
                className="tip"
              />
              <span>
                Crap Class
              </span>
            </div>
          </div>
          <div
            className="swing reaction"
            onClick={[Function]}
          >
            <div
              className="emoji"
              style={
                Object {
                  "height": 20,
                  "width": 20,
                }
              }
            >
              <img
                alt="😐"
                className="emoji"
                draggable="false"
                src="https://twemoji.maxcdn.com/2/72x72/1f610.png"
              />
            </div>
            <div
              className="action-container"
            >
              <div
                className="emoji-action"
              >
                <i
                  className="fa fa-plus"
                />
              </div>
              <div
                className="emoji-count"
              >
                <span>
                  0
                </span>
              </div>
              <div
                className="emoji-check"
              >
                <i
                  className="fa fa-check"
                />
              </div>
            </div>
            <div
              id="reaction-dropdown"
            >
              <div
                className="tip-border"
              />
              <div
                className="tip"
              />
              <span>
                It's Aight
              </span>
            </div>
          </div>
          <div
            className="swing reaction"
            onClick={[Function]}
          >
            <div
              className="emoji"
              style={
                Object {
                  "height": 20,
                  "width": 20,
                }
              }
            >
              <img
                alt="😴"
                className="emoji"
                draggable="false"
                src="https://twemoji.maxcdn.com/2/72x72/1f634.png"
              />
            </div>
            <div
              className="action-container"
            >
              <div
                className="emoji-action"
              >
                <i
                  className="fa fa-plus"
                />
              </div>
              <div
                className="emoji-count"
              >
                <span>
                  0
                </span>
              </div>
              <div
                className="emoji-check"
              >
                <i
                  className="fa fa-check"
                />
              </div>
            </div>
            <div
              id="reaction-dropdown"
            >
              <div
                className="tip-border"
              />
              <div
                className="tip"
              />
              <span>
                Boring
              </span>
            </div>
          </div>
          <div
            className="swing reaction"
            onClick={[Function]}
          >
            <div
              className="emoji"
              style={
                Object {
                  "height": 20,
                  "width": 20,
                }
              }
            >
              <img
                alt="😩"
                className="emoji"
                draggable="false"
                src="https://twemoji.maxcdn.com/2/72x72/1f629.png"
              />
            </div>
            <div
              className="action-container"
            >
              <div
                className="emoji-action"
              >
                <i
                  className="fa fa-plus"
                />
              </div>
              <div
                className="emoji-count"
              >
                <span>
                  0
                </span>
              </div>
              <div
                className="emoji-check"
              >
                <i
                  className="fa fa-check"
                />
              </div>
            </div>
            <div
              id="reaction-dropdown"
            >
              <div
                className="tip-border"
              />
              <div
                className="tip"
              />
              <span>
                Hard
              </span>
            </div>
          </div>
          <div
            className="swing reaction"
            onClick={[Function]}
          >
            <div
              className="emoji"
              style={
                Object {
                  "height": 20,
                  "width": 20,
                }
              }
            >
              <img
                alt="💯"
                className="emoji"
                draggable="false"
                src="https://twemoji.maxcdn.com/2/72x72/1f4af.png"
              />
            </div>
            <div
              className="action-container"
            >
              <div
                className="emoji-action"
              >
                <i
                  className="fa fa-plus"
                />
              </div>
              <div
                className="emoji-count"
              >
                <span>
                  0
                </span>
              </div>
              <div
                className="emoji-check"
              >
                <i
                  className="fa fa-check"
                />
              </div>
            </div>
            <div
              id="reaction-dropdown"
            >
              <div
                className="tip-border"
              />
              <div
                className="tip"
              />
              <span>
                Easy
              </span>
            </div>
          </div>
          <div
            className="swing reaction"
            onClick={[Function]}
          >
            <div
              className="emoji"
              style={
                Object {
                  "height": 20,
                  "width": 20,
                }
              }
            >
              <img
                alt="🤓"
                className="emoji"
                draggable="false"
                src="https://twemoji.maxcdn.com/2/72x72/1f913.png"
              />
            </div>
            <div
              className="action-container"
            >
              <div
                className="emoji-action"
              >
                <i
                  className="fa fa-plus"
                />
              </div>
              <div
                className="emoji-count"
              >
                <span>
                  0
                </span>
              </div>
              <div
                className="emoji-check"
              >
                <i
                  className="fa fa-check"
                />
              </div>
            </div>
            <div
              id="reaction-dropdown"
            >
              <div
                className="tip-border"
              />
              <div
                className="tip"
              />
              <span>
                Interesting
              </span>
            </div>
          </div>
        </div>
      </div>
      <div>
        <h3
          className="modal-module-header"
        >
          Course Description
        </h3>
        <p>
          Differential and integral calculus. Includes analytic geometry, functions, limits, integrals and
          derivatives, introduction to differential equations, functions of several variables, linear systems,
          applications for systems of linear differential equations, probability distributions. Many
          applications to the biological and social sciences will be discussed.
        </p>
      </div>
      <div
        className="modal-module"
      >
        <h3
          className="modal-module-header"
        >
          Course Evaluations
        </h3>
        <div
          className="modal-entry spacious-entry"
          id="course-evaluations"
        >
          <div>
            <div
              className="scroll-nav"
            >
              <span
                className="nav-item nav-item-active"
                onClick={[Function]}
              >
                <div
                  className="eval-item mini"
                >
                  <div
                    className="eval-wrapper"
                  >
                    <div
                      className="year truncate"
                    >
                      <b>
                        Spring 2015
                      </b>
                    </div>
                    <div
                      className="rating-wrapper"
                    >
                      <div
                        className="star-ratings-sprite eval-stars"
                      >
                        <span
                          className="rating"
                          style={
                            Object {
                              "width": "73.4%",
                            }
                          }
                        />
                      </div>
                      <div
                        className="numeric-rating"
                      >
                        <b>
                          (3.67)
                        </b>
                      </div>
                    </div>
                  </div>
                </div>
              </span>
              <span
                className="nav-item"
                onClick={[Function]}
              >
                <div
                  className="eval-item mini"
                >
                  <div
                    className="eval-wrapper"
                  >
                    <div
                      className="year truncate"
                    >
                      <b>
                        Fall 2014
                      </b>
                    </div>
                    <div
                      className="rating-wrapper"
                    >
                      <div
                        className="star-ratings-sprite eval-stars"
                      >
                        <span
                          className="rating"
                          style={
                            Object {
                              "width": "71.4%",
                            }
                          }
                        />
                      </div>
                      <div
                        className="numeric-rating"
                      >
                        <b>
                          (3.57)
                        </b>
                      </div>
                    </div>
                  </div>
                </div>
              </span>
              <span
                className="nav-item"
                onClick={[Function]}
              >
                <div
                  className="eval-item mini"
                >
                  <div
                    className="eval-wrapper"
                  >
                    <div
                      className="year truncate"
                    >
                      <b>
                        Spring 2014
                      </b>
                    </div>
                    <div
                      className="rating-wrapper"
                    >
                      <div
                        className="star-ratings-sprite eval-stars"
                      >
                        <span
                          className="rating"
                          style={
                            Object {
                              "width": "83.2%",
                            }
                          }
                        />
                      </div>
                      <div
                        className="numeric-rating"
                      >
                        <b>
                          (4.16)
                        </b>
                      </div>
                    </div>
                  </div>
                </div>
              </span>
              <span
                className="nav-item"
                onClick={[Function]}
              >
                <div
                  className="eval-item mini"
                >
                  <div
                    className="eval-wrapper"
                  >
                    <div
                      className="year truncate"
                    >
                      <b>
                        Fall 2013
                      </b>
                    </div>
                    <div
                      className="rating-wrapper"
                    >
                      <div
                        className="star-ratings-sprite eval-stars"
                      >
                        <span
                          className="rating"
                          style={
                            Object {
                              "width": "76.8%",
                            }
                          }
                        />
                      </div>
                      <div
                        className="numeric-rating"
                      >
                        <b>
                          (3.84)
                        </b>
                      </div>
                    </div>
                  </div>
                </div>
              </span>
              <span
                className="nav-item"
                onClick={[Function]}
              >
                <div
                  className="eval-item mini"
                >
                  <div
                    className="eval-wrapper"
                  >
                    <div
                      className="year truncate"
                    >
                      <b>
                        Spring 2013
                      </b>
                    </div>
                    <div
                      className="rating-wrapper"
                    >
                      <div
                        className="star-ratings-sprite eval-stars"
                      >
                        <span
                          className="rating"
                          style={
                            Object {
                              "width": "82.79999999999998%",
                            }
                          }
                        />
                      </div>
                      <div
                        className="numeric-rating"
                      >
                        <b>
                          (4.14)
                        </b>
                      </div>
                    </div>
                  </div>
                </div>
              </span>
              <span
                className="nav-item"
                onClick={[Function]}
              >
                <div
                  className="eval-item mini"
                >
                  <div
                    className="eval-wrapper"
                  >
                    <div
                      className="year truncate"
                    >
                      <b>
                        Fall 2012
                      </b>
                    </div>
                    <div
                      className="rating-wrapper"
                    >
                      <div
                        className="star-ratings-sprite eval-stars"
                      >
                        <span
                          className="rating"
                          style={
                            Object {
                              "width": "65.2%",
                            }
                          }
                        />
                      </div>
                      <div
                        className="numeric-rating"
                      >
                        <b>
                          (3.26)
                        </b>
                      </div>
                    </div>
                  </div>
                </div>
              </span>
            </div>
            <div
              className="eval-item selected"
            >
              <div
                className="eval-wrapper"
              >
                <div
                  className="year truncate"
                >
                  <b>
                    Spring 2015
                  </b>
                </div>
                <div
                  id="prof"
                >
                  <b>
                    Professor: 
                    Zhan Li 
                  </b>
                </div>
                <div
                  className="rating-wrapper"
                >
                  <div
                    className="star-ratings-sprite eval-stars"
                  >
                    <span
                      className="rating"
                      style={
                        Object {
                          "width": "73.4%",
                        }
                      }
                    />
                  </div>
                  <div
                    className="numeric-rating"
                  >
                    <b>
                      (3.67)
                    </b>
                  </div>
                </div>
              </div>
              <div
                id="details"
              >
                <p>
                  The best aspects of this class were the structured lectures and relatively smal  class size.  Many students agreed that the professor was very approachable and helpful, and that he made an effort to ensure that students understood the material.  Some students found that the class moved too quickly through material and that there were occasional disconnects between lecture topics and TA sections.  This class could be improved by better matching the difficulty of homework to exams.  Prospective students should have a strong background in trigonometry. 
                </p>
              </div>
            </div>
          </div>
        </div>
      </div>
    </div>
    <div
      className="col-5-16 cf"
      id="modal-section-lists"
    >
      <div>
        <h3
          className="modal-module-header"
        >
          Lecture Sections
          <small>
            (Hover to see the section on your timetable)
          </small>
        </h3>
        <div
          className="modal-section"
          onMouseDown={[Function]}
          onMouseEnter={[Function]}
          onMouseLeave={[Function]}
        >
          <h4>
            <span>
              (01)
            </span>
            <i
              className="fa fa-calendar-check-o"
            />
          </h4>
          <h5>
            R. Brown
          </h5>
          <h6>
            <span
              className="green"
            >
              30 open
            </span>
            <span>
               / 
            </span>
            <span
              className="total-seats"
            >
              30
               seats
            </span>
          </h6>
          <i
            className="fa fa-lock"
          />
        </div>
        <div
          className="modal-section"
          onMouseDown={[Function]}
          onMouseEnter={[Function]}
          onMouseLeave={[Function]}
        >
          <h4>
            <span>
              (02)
            </span>
            <i
              className="fa fa-calendar-check-o"
            />
          </h4>
          <h5>
            R. Brown
          </h5>
          <h6>
            <span
              className="green"
            >
              30 open
            </span>
            <span>
               / 
            </span>
            <span
              className="total-seats"
            >
              30
               seats
            </span>
          </h6>
          <i
            className="fa fa-lock"
          />
        </div>
        <div
          className="modal-section"
          onMouseDown={[Function]}
          onMouseEnter={[Function]}
          onMouseLeave={[Function]}
        >
          <h4>
            <span>
              (03)
            </span>
            <i
              className="fa fa-calendar-check-o"
            />
          </h4>
          <h5>
            R. Brown
          </h5>
          <h6>
            <span
              className="green"
            >
              30 open
            </span>
            <span>
               / 
            </span>
            <span
              className="total-seats"
            >
              30
               seats
            </span>
          </h6>
          <i
            className="fa fa-lock"
          />
        </div>
        <div
          className="modal-section"
          onMouseDown={[Function]}
          onMouseEnter={[Function]}
          onMouseLeave={[Function]}
        >
          <h4>
            <span>
              (04)
            </span>
            <i
              className="fa fa-calendar-check-o"
            />
          </h4>
          <h5>
            R. Brown
          </h5>
          <h6>
            <span
              className="green"
            >
              30 open
            </span>
            <span>
               / 
            </span>
            <span
              className="total-seats"
            >
              30
               seats
            </span>
          </h6>
          <i
            className="fa fa-lock"
          />
        </div>
        <div
          className="modal-section"
          onMouseDown={[Function]}
          onMouseEnter={[Function]}
          onMouseLeave={[Function]}
        >
          <h4>
            <span>
              (05)
            </span>
            <i
              className="fa fa-calendar-check-o"
            />
          </h4>
          <h5>
            R. Brown
          </h5>
          <h6>
            <span
              className="green"
            >
              30 open
            </span>
            <span>
               / 
            </span>
            <span
              className="total-seats"
            >
              30
               seats
            </span>
          </h6>
          <i
            className="fa fa-lock"
          />
        </div>
        <div
          className="modal-section"
          onMouseDown={[Function]}
          onMouseEnter={[Function]}
          onMouseLeave={[Function]}
        >
          <h4>
            <span>
              (06)
            </span>
            <i
              className="fa fa-calendar-check-o"
            />
          </h4>
          <h5>
            R. Brown
          </h5>
          <h6>
            <span
              className="green"
            >
              30 open
            </span>
            <span>
               / 
            </span>
            <span
              className="total-seats"
            >
              30
               seats
            </span>
          </h6>
          <i
            className="fa fa-lock"
          />
        </div>
        <div
          className="modal-section"
          onMouseDown={[Function]}
          onMouseEnter={[Function]}
          onMouseLeave={[Function]}
        >
          <h4>
            <span>
              (07)
            </span>
            <i
              className="fa fa-calendar-check-o"
            />
          </h4>
          <h5>
            R. Brown
          </h5>
          <h6>
            <span
              className="green"
            >
              30 open
            </span>
            <span>
               / 
            </span>
            <span
              className="total-seats"
            >
              30
               seats
            </span>
          </h6>
          <i
            className="fa fa-lock"
          />
        </div>
        <div
          className="modal-section"
          onMouseDown={[Function]}
          onMouseEnter={[Function]}
          onMouseLeave={[Function]}
        >
          <h4>
            <span>
              (08)
            </span>
            <i
              className="fa fa-calendar-check-o"
            />
          </h4>
          <h5>
            R. Brown
          </h5>
          <h6>
            <span
              className="green"
            >
              30 open
            </span>
            <span>
               / 
            </span>
            <span
              className="total-seats"
            >
              30
               seats
            </span>
          </h6>
          <i
            className="fa fa-lock"
          />
        </div>
        <div
          className="modal-section"
          onMouseDown={[Function]}
          onMouseEnter={[Function]}
          onMouseLeave={[Function]}
        >
          <h4>
            <span>
              (09)
            </span>
            <i
              className="fa fa-calendar-check-o"
            />
          </h4>
          <h5>
            R. Brown
          </h5>
          <h6>
            <span
              className="green"
            >
              30 open
            </span>
            <span>
               / 
            </span>
            <span
              className="total-seats"
            >
              30
               seats
            </span>
          </h6>
          <i
            className="fa fa-lock"
          />
        </div>
      </div>
    </div>
  </div>
</div>
`;
